commit 24cef85  duration=30s repeats=3 pool=20 stock=1000000

=== VUs=10 run 1/3

requests:      81404  (2713.3 req/s)
reserved 201:  81404
refused  409:  0
failed other:  0
latency ms:    p50=2.78  p95=9.12  p99=14.42  max=84.8
server-side timers (ms):
  RESERVE.critical_section     n=81404   mean=3.274  p50=2.413  p95=8.717  p99=13.822  max=84.3
  RESERVE.transaction          n=81404   mean=3.577  p50=2.707  p95=9.054  p99=14.291  max=84.7
reservation rows in db: 81404
OK: 2 SKU(s) checked, all invariants hold
api internal errors: 0

=== VUs=10 run 2/3

requests:      81347  (2711.4 req/s)
reserved 201:  81347
refused  409:  0
failed other:  0
latency ms:    p50=2.75  p95=9.15  p99=14.35  max=181.6
server-side timers (ms):
  RESERVE.critical_section     n=81347   mean=3.275  p50=2.385  p95=8.748  p99=13.852  max=181.2
  RESERVE.transaction          n=81347   mean=3.580  p50=2.687  p95=9.083  p99=14.272  max=181.6
reservation rows in db: 81347
OK: 2 SKU(s) checked, all invariants hold
api internal errors: 0

=== VUs=10 run 3/3

requests:      81906  (2728.6 req/s)
reserved 201:  81906
refused  409:  0
failed other:  0
latency ms:    p50=2.75  p95=9.09  p99=14.38  max=98.4
server-side timers (ms):
  RESERVE.critical_section     n=81906   mean=3.252  p50=2.382  p95=8.693  p99=13.801  max=98.0
  RESERVE.transaction          n=81906   mean=3.556  p50=2.678  p95=9.015  p99=14.292  max=98.3
reservation rows in db: 81906
OK: 2 SKU(s) checked, all invariants hold
api internal errors: 0

=== VUs=100 run 1/3

requests:      68645  (2285.4 req/s)
reserved 201:  68645
refused  409:  0
failed other:  0
latency ms:    p50=40.13  p95=66.43  p99=87.25  max=221.1
server-side timers (ms):
  RESERVE.critical_section     n=68645   mean=8.391  p50=5.682  p95=25.339  p99=41.063  max=143.7
  RESERVE.transaction          n=68645   mean=43.588  p50=40.052  p95=66.307  p99=87.160  max=221.0
reservation rows in db: 68645
OK: 2 SKU(s) checked, all invariants hold
api internal errors: 0

=== VUs=100 run 2/3

requests:      54986  (1830.5 req/s)
reserved 201:  54986
refused  409:  0
failed other:  0
latency ms:    p50=44.66  p95=104.66  p99=222.66  max=449.9
server-side timers (ms):
  RESERVE.critical_section     n=54986   mean=10.475  p50=6.365  p95=32.584  p99=62.419  max=379.5
  RESERVE.transaction          n=54986   mean=54.419  p50=44.580  p95=104.423  p99=222.362  max=449.6
reservation rows in db: 54986
OK: 2 SKU(s) checked, all invariants hold
api internal errors: 0

=== VUs=100 run 3/3

requests:      56265  (1872.8 req/s)
reserved 201:  56265
refused  409:  0
failed other:  0
latency ms:    p50=48.01  p95=85.48  p99=122.40  max=329.9
server-side timers (ms):
  RESERVE.critical_section     n=56265   mean=10.254  p50=6.578  p95=31.977  p99=54.451  max=284.2
  RESERVE.transaction          n=56265   mean=53.191  p50=47.927  p95=85.341  p99=122.216  max=329.8
reservation rows in db: 56265
OK: 2 SKU(s) checked, all invariants hold
api internal errors: 0

=== VUs=1000 run 1/3
time="2026-09-21T23:44:12-04:00" level=warning msg="Request Failed" error="Post \"http://localhost:8081/reserve\": dial tcp 127.0.0.1:8081: connect: connection reset by peer"
time="2026-09-21T23:44:12-04:00" level=warning msg="Request Failed" error="Post \"http://localhost:8081/reserve\": dial tcp 127.0.0.1:8081: connect: connection reset by peer"
time="2026-09-21T23:44:12-04:00" level=error msg="unexpected status 0: dial: connection reset by peer" source=console
time="2026-09-21T23:44:12-04:00" level=warning msg="Request Failed" error="Post \"http://localhost:8081/reserve\": dial tcp 127.0.0.1:8081: connect: connection reset by peer"
time="2026-09-21T23:44:12-04:00" level=error msg="unexpected status 0: dial: connection reset by peer" source=console
time="2026-09-21T23:44:12-04:00" level=warning msg="Request Failed" error="Post \"http://localhost:8081/reserve\": dial tcp 127.0.0.1:8081: connect: connection reset by peer"
time="2026-09-21T23:44:12-04:00" level=warning msg="Request Failed" error="Post \"http://localhost:8081/reserve\": dial tcp 127.0.0.1:8081: connect: connection reset by peer"
time="2026-09-21T23:44:12-04:00" level=error msg="unexpected status 0: dial: connection reset by peer" source=console
time="2026-09-21T23:44:12-04:00" level=warning msg="Request Failed" error="Post \"http://localhost:8081/reserve\": dial tcp 127.0.0.1:8081: connect: connection reset by peer"
time="2026-09-21T23:44:12-04:00" level=error msg="unexpected status 0: dial: connection reset by peer" source=console
time="2026-09-21T23:44:12-04:00" level=error msg="unexpected status 0: dial: connection reset by peer" source=console
time="2026-09-21T23:44:12-04:00" level=warning msg="Request Failed" error="Post \"http://localhost:8081/reserve\": dial tcp 127.0.0.1:8081: connect: connection reset by peer"
time="2026-09-21T23:44:12-04:00" level=warning msg="Request Failed" error="Post \"http://localhost:8081/reserve\": dial tcp 127.0.0.1:8081: connect: connection reset by peer"
time="2026-09-21T23:44:12-04:00" level=error msg="unexpected status 0: dial: connection reset by peer" source=console
time="2026-09-21T23:44:12-04:00" level=error msg="unexpected status 0: dial: connection reset by peer" source=console
time="2026-09-21T23:44:12-04:00" level=warning msg="Request Failed" error="Post \"http://localhost:8081/reserve\": dial tcp 127.0.0.1:8081: connect: connection reset by peer"
time="2026-09-21T23:44:12-04:00" level=error msg="unexpected status 0: dial: connection reset by peer" source=console
time="2026-09-21T23:44:12-04:00" level=warning msg="Request Failed" error="Post \"http://localhost:8081/reserve\": dial tcp 127.0.0.1:8081: connect: connection reset by peer"
time="2026-09-21T23:44:12-04:00" level=error msg="unexpected status 0: dial: connection reset by peer" source=console
time="2026-09-21T23:44:12-04:00" level=warning msg="Request Failed" error="Post \"http://localhost:8081/reserve\": dial tcp 127.0.0.1:8081: connect: connection reset by peer"
time="2026-09-21T23:44:12-04:00" level=warning msg="Request Failed" error="Post \"http://localhost:8081/reserve\": dial tcp 127.0.0.1:8081: connect: connection reset by peer"
time="2026-09-21T23:44:12-04:00" level=error msg="unexpected status 0: dial: connection reset by peer" source=console
time="2026-09-21T23:44:12-04:00" level=warning msg="Request Failed" error="Post \"http://localhost:8081/reserve\": dial tcp 127.0.0.1:8081: connect: connection reset by peer"
time="2026-09-21T23:44:12-04:00" level=error msg="unexpected status 0: dial: connection reset by peer" source=console
time="2026-09-21T23:44:12-04:00" level=warning msg="Request Failed" error="Post \"http://localhost:8081/reserve\": dial tcp 127.0.0.1:8081: connect: connection reset by peer"
time="2026-09-21T23:44:12-04:00" level=error msg="unexpected status 0: dial: connection reset by peer" source=console
time="2026-09-21T23:44:12-04:00" level=error msg="unexpected status 0: dial: connection reset by peer" source=console
time="2026-09-21T23:44:12-04:00" level=error msg="unexpected status 0: dial: connection reset by peer" source=console
time="2026-09-21T23:44:12-04:00" level=warning msg="Request Failed" error="Post \"http://localhost:8081/reserve\": dial tcp 127.0.0.1:8081: connect: connection reset by peer"
time="2026-09-21T23:44:12-04:00" level=warning msg="Request Failed" error="Post \"http://localhost:8081/reserve\": dial tcp 127.0.0.1:8081: connect: connection reset by peer"
time="2026-09-21T23:44:12-04:00" level=error msg="unexpected status 0: dial: connection reset by peer" source=console
time="2026-09-21T23:44:12-04:00" level=error msg="unexpected status 0: dial: connection reset by peer" source=console
time="2026-09-21T23:44:12-04:00" level=warning msg="Request Failed" error="Post \"http://localhost:8081/reserve\": dial tcp 127.0.0.1:8081: connect: connection reset by peer"
time="2026-09-21T23:44:12-04:00" level=warning msg="Request Failed" error="Post \"http://localhost:8081/reserve\": dial tcp 127.0.0.1:8081: connect: connection reset by peer"
time="2026-09-21T23:44:12-04:00" level=warning msg="Request Failed" error="Post \"http://localhost:8081/reserve\": dial tcp 127.0.0.1:8081: connect: connection reset by peer"
time="2026-09-21T23:44:12-04:00" level=error msg="unexpected status 0: dial: connection reset by peer" source=console
time="2026-09-21T23:44:12-04:00" level=warning msg="Request Failed" error="Post \"http://localhost:8081/reserve\": dial tcp 127.0.0.1:8081: connect: connection reset by peer"
time="2026-09-21T23:44:12-04:00" level=warning msg="Request Failed" error="Post \"http://localhost:8081/reserve\": dial tcp 127.0.0.1:8081: connect: connection reset by peer"
time="2026-09-21T23:44:12-04:00" level=error msg="unexpected status 0: dial: connection reset by peer" source=console
time="2026-09-21T23:44:12-04:00" level=error msg="unexpected status 0: dial: connection reset by peer" source=console
time="2026-09-21T23:44:12-04:00" level=warning msg="Request Failed" error="Post \"http://localhost:8081/reserve\": dial tcp 127.0.0.1:8081: connect: connection reset by peer"
time="2026-09-21T23:44:12-04:00" level=error msg="unexpected status 0: dial: connection reset by peer" source=console
time="2026-09-21T23:44:12-04:00" level=warning msg="Request Failed" error="Post \"http://localhost:8081/reserve\": dial tcp 127.0.0.1:8081: connect: connection reset by peer"
time="2026-09-21T23:44:12-04:00" level=error msg="unexpected status 0: dial: connection reset by peer" source=console
time="2026-09-21T23:44:12-04:00" level=error msg="unexpected status 0: dial: connection reset by peer" source=console
time="2026-09-21T23:44:12-04:00" level=warning msg="Request Failed" error="Post \"http://localhost:8081/reserve\": dial tcp 127.0.0.1:8081: connect: connection reset by peer"
time="2026-09-21T23:44:12-04:00" level=error msg="unexpected status 0: dial: connection reset by peer" source=console
time="2026-09-21T23:44:12-04:00" level=warning msg="Request Failed" error="Post \"http://localhost:8081/reserve\": dial tcp 127.0.0.1:8081: connect: connection reset by peer"
time="2026-09-21T23:44:12-04:00" level=error msg="unexpected status 0: dial: connection reset by peer" source=console
time="2026-09-21T23:44:12-04:00" level=warning msg="Request Failed" error="Post \"http://localhost:8081/reserve\": dial tcp 127.0.0.1:8081: connect: connection reset by peer"
time="2026-09-21T23:44:12-04:00" level=error msg="unexpected status 0: dial: connection reset by peer" source=console
time="2026-09-21T23:44:12-04:00" level=error msg="unexpected status 0: dial: connection reset by peer" source=console
time="2026-09-21T23:44:12-04:00" level=warning msg="Request Failed" error="Post \"http://localhost:8081/reserve\": dial tcp 127.0.0.1:8081: connect: connection reset by peer"
time="2026-09-21T23:44:12-04:00" level=error msg="unexpected status 0: dial: connection reset by peer" source=console
time="2026-09-21T23:44:12-04:00" level=warning msg="Request Failed" error="Post \"http://localhost:8081/reserve\": dial tcp 127.0.0.1:8081: connect: connection reset by peer"
time="2026-09-21T23:44:12-04:00" level=warning msg="Request Failed" error="Post \"http://localhost:8081/reserve\": dial tcp 127.0.0.1:8081: connect: connection reset by peer"
time="2026-09-21T23:44:12-04:00" level=error msg="unexpected status 0: dial: connection reset by peer" source=console
time="2026-09-21T23:44:12-04:00" level=error msg="unexpected status 0: dial: connection reset by peer" source=console
time="2026-09-21T23:44:12-04:00" level=warning msg="Request Failed" error="Post \"http://localhost:8081/reserve\": dial tcp 127.0.0.1:8081: connect: connection reset by peer"
time="2026-09-21T23:44:12-04:00" level=error msg="unexpected status 0: dial: connection reset by peer" source=console
time="2026-09-21T23:44:12-04:00" level=warning msg="Request Failed" error="Post \"http://localhost:8081/reserve\": dial tcp 127.0.0.1:8081: connect: connection reset by peer"
time="2026-09-21T23:44:12-04:00" level=error msg="unexpected status 0: dial: connection reset by peer" source=console
time="2026-09-21T23:44:12-04:00" level=warning msg="Request Failed" error="Post \"http://localhost:8081/reserve\": dial tcp 127.0.0.1:8081: connect: connection reset by peer"
time="2026-09-21T23:44:12-04:00" level=error msg="unexpected status 0: dial: connection reset by peer" source=console
time="2026-09-21T23:44:12-04:00" level=warning msg="Request Failed" error="Post \"http://localhost:8081/reserve\": dial tcp 127.0.0.1:8081: connect: connection reset by peer"
time="2026-09-21T23:44:12-04:00" level=error msg="unexpected status 0: dial: connection reset by peer" source=console
time="2026-09-21T23:44:12-04:00" level=warning msg="Request Failed" error="Post \"http://localhost:8081/reserve\": dial tcp 127.0.0.1:8081: connect: connection reset by peer"
time="2026-09-21T23:44:12-04:00" level=error msg="unexpected status 0: dial: connection reset by peer" source=console
time="2026-09-21T23:44:12-04:00" level=warning msg="Request Failed" error="Post \"http://localhost:8081/reserve\": dial tcp 127.0.0.1:8081: connect: connection reset by peer"
time="2026-09-21T23:44:12-04:00" level=error msg="unexpected status 0: dial: connection reset by peer" source=console
time="2026-09-21T23:44:12-04:00" level=warning msg="Request Failed" error="Post \"http://localhost:8081/reserve\": dial tcp 127.0.0.1:8081: connect: connection reset by peer"
time="2026-09-21T23:44:12-04:00" level=error msg="unexpected status 0: dial: connection reset by peer" source=console
time="2026-09-21T23:44:12-04:00" level=warning msg="Request Failed" error="Post \"http://localhost:8081/reserve\": dial tcp 127.0.0.1:8081: connect: connection reset by peer"
time="2026-09-21T23:44:12-04:00" level=error msg="unexpected status 0: dial: connection reset by peer" source=console
time="2026-09-21T23:44:12-04:00" level=warning msg="Request Failed" error="Post \"http://localhost:8081/reserve\": dial tcp 127.0.0.1:8081: connect: connection reset by peer"
time="2026-09-21T23:44:12-04:00" level=error msg="unexpected status 0: dial: connection reset by peer" source=console
time="2026-09-21T23:44:12-04:00" level=warning msg="Request Failed" error="Post \"http://localhost:8081/reserve\": dial tcp 127.0.0.1:8081: connect: connection reset by peer"
time="2026-09-21T23:44:12-04:00" level=error msg="unexpected status 0: dial: connection reset by peer" source=console
time="2026-09-21T23:44:12-04:00" level=warning msg="Request Failed" error="Post \"http://localhost:8081/reserve\": dial tcp 127.0.0.1:8081: connect: connection reset by peer"
time="2026-09-21T23:44:12-04:00" level=error msg="unexpected status 0: dial: connection reset by peer" source=console
time="2026-09-21T23:44:12-04:00" level=warning msg="Request Failed" error="Post \"http://localhost:8081/reserve\": dial tcp 127.0.0.1:8081: connect: connection reset by peer"
time="2026-09-21T23:44:12-04:00" level=error msg="unexpected status 0: dial: connection reset by peer" source=console
time="2026-09-21T23:44:12-04:00" level=warning msg="Request Failed" error="Post \"http://localhost:8081/reserve\": dial tcp 127.0.0.1:8081: connect: connection reset by peer"
time="2026-09-21T23:44:12-04:00" level=error msg="unexpected status 0: dial: connection reset by peer" source=console

requests:      60794  (1993.2 req/s)
reserved 201:  60752
refused  409:  0
failed other:  42
latency ms:    p50=491.50  p95=590.51  p99=653.59  max=731.2
server-side timers (ms):
  RESERVE.critical_section     n=60752   mean=9.629  p50=6.296  p95=29.829  p99=49.849  max=169.8
  RESERVE.transaction          n=60752   mean=496.893  p50=491.456  p95=590.423  p99=653.481  max=731.1
reservation rows in db: 60752
OK: 2 SKU(s) checked, all invariants hold
api internal errors: 0

=== VUs=1000 run 2/3

requests:      56883  (1869.0 req/s)
reserved 201:  56883
refused  409:  0
failed other:  0
latency ms:    p50=535.65  p95=670.64  p99=729.40  max=855.3
server-side timers (ms):
  RESERVE.critical_section     n=56883   mean=10.270  p50=6.572  p95=32.086  p99=54.878  max=223.5
  RESERVE.transaction          n=56883   mean=530.060  p50=535.547  p95=670.480  p99=729.304  max=855.2
reservation rows in db: 56883
OK: 2 SKU(s) checked, all invariants hold
api internal errors: 0

=== VUs=1000 run 3/3

requests:      65508  (2154.2 req/s)
reserved 201:  65508
refused  409:  0
failed other:  0
latency ms:    p50=456.89  p95=544.81  p99=577.06  max=656.1
server-side timers (ms):
  RESERVE.critical_section     n=65508   mean=8.902  p50=5.964  p95=26.993  p99=44.855  max=137.8
  RESERVE.transaction          n=65508   mean=460.428  p50=456.774  p95=544.729  p99=576.995  max=656.0
reservation rows in db: 65508
OK: 2 SKU(s) checked, all invariants hold
api internal errors: 0

