commit 24cef85  duration=15s repeats=3 pool=20 stock=1000000

=== VUs=1 run 1/3

requests:      20075  (1338.3 req/s)
reserved 201:  20075
refused  409:  0
failed other:  0
latency ms:    p50=0.68  p95=0.90  p99=1.26  max=24.6
server-side timers (ms):
  RESERVE.critical_section     n=20075   mean=0.448  p50=0.427  p95=0.573  p99=0.788  max=17.6
  RESERVE.transaction          n=20075   mean=0.668  p50=0.637  p95=0.835  p99=1.170  max=24.5
reservation rows in db: 20075
OK: 2 SKU(s) checked, all invariants hold
api internal errors: 0

=== VUs=1 run 2/3

requests:      20147  (1343.1 req/s)
reserved 201:  20147
refused  409:  0
failed other:  0
latency ms:    p50=0.68  p95=0.90  p99=1.25  max=8.9
server-side timers (ms):
  RESERVE.critical_section     n=20147   mean=0.450  p50=0.427  p95=0.592  p99=0.779  max=8.4
  RESERVE.transaction          n=20147   mean=0.668  p50=0.635  p95=0.840  p99=1.157  max=8.7
reservation rows in db: 20147
OK: 2 SKU(s) checked, all invariants hold
api internal errors: 0

=== VUs=1 run 3/3

requests:      18183  (1212.1 req/s)
reserved 201:  18183
refused  409:  0
failed other:  0
latency ms:    p50=0.70  p95=1.14  p99=1.83  max=144.1
server-side timers (ms):
  RESERVE.critical_section     n=18183   mean=0.497  p50=0.436  p95=0.712  p99=1.183  max=142.5
  RESERVE.transaction          n=18183   mean=0.736  p50=0.652  p95=1.054  p99=1.681  max=143.8
reservation rows in db: 18183
OK: 2 SKU(s) checked, all invariants hold
api internal errors: 0

=== VUs=2 run 1/3

requests:      30801  (2053.4 req/s)
reserved 201:  30801
refused  409:  0
failed other:  0
latency ms:    p50=0.75  p95=1.55  p99=3.19  max=124.7
server-side timers (ms):
  RESERVE.critical_section     n=30801   mean=0.590  p50=0.470  p95=1.007  p99=2.036  max=81.8
  RESERVE.transaction          n=30801   mean=0.864  p50=0.696  p95=1.435  p99=2.917  max=113.1
reservation rows in db: 30801
OK: 2 SKU(s) checked, all invariants hold
api internal errors: 0

=== VUs=2 run 2/3

requests:      35356  (2357.1 req/s)
reserved 201:  35356
refused  409:  0
failed other:  0
latency ms:    p50=0.74  p95=1.14  p99=1.86  max=25.1
server-side timers (ms):
  RESERVE.critical_section     n=35356   mean=0.521  p50=0.466  p95=0.755  p99=1.232  max=18.7
  RESERVE.transaction          n=35356   mean=0.762  p50=0.690  p95=1.062  p99=1.745  max=23.9
reservation rows in db: 35356
OK: 2 SKU(s) checked, all invariants hold
api internal errors: 0

=== VUs=2 run 3/3

requests:      24149  (1609.9 req/s)
reserved 201:  24149
refused  409:  0
failed other:  0
latency ms:    p50=0.86  p95=2.34  p99=6.69  max=82.4
server-side timers (ms):
  RESERVE.critical_section     n=24149   mean=0.756  p50=0.543  p95=1.488  p99=4.083  max=81.4
  RESERVE.transaction          n=24149   mean=1.098  p50=0.797  p95=2.146  p99=5.973  max=82.2
reservation rows in db: 24149
OK: 2 SKU(s) checked, all invariants hold
api internal errors: 0

